
R version 3.4.1 (2017-06-30) -- "Single Candle"
Copyright (C) 2017 The R Foundation for Statistical Computing
Platform: x86_64-pc-linux-gnu (64-bit)

R is free software and comes with ABSOLUTELY NO WARRANTY.
You are welcome to redistribute it under certain conditions.
Type 'license()' or 'licence()' for distribution details.

  Natural language support but running in an English locale

R is a collaborative project with many contributors.
Type 'contributors()' for more information and
'citation()' on how to cite R or R packages in publications.

Type 'demo()' for some demos, 'help()' for on-line help, or
'help.start()' for an HTML browser interface to help.
Type 'q()' to quit R.


[38;5;11m     CHEAT SHEETS: [0m
source('/home/Jadamso/Desktop/Common/R_Code/RCheats.R') 

[38;5;11m     R INFORMATION: [0m
/home/Jadamso/lib64/R/bin/exec/R -f Code/STrollR.R --restore --save --no-readline 
~/Rprofile.site 
wideScreen() 

[38;5;11m     USER INFORMATION: [0m
Jordan Adamson, 2017-09-09

> #-------------------------------------------------------------------
> ##################
> # Setup 
> ##################
> library(devtools)
> library(roxygen2)
> library(MiscUtils)
> 
> hmdir <- path.expand("~/Desktop/Common/R_Code/")
> pmdir <- path.expand("~/Desktop/Packages/")
> 
> #-------------------------------------------------------------------
> ##################
> # Make 
> ##################
> pack  <- "STrollR"
> pdir  <- paste0(pmdir, pack,"/")
> packg <- paste0(pdir, pack)
> 
> 
> Version <- numeric_version("0.1.3")
> # Setup R Package
> source(paste0(pdir,"Code/PackageSetup.R") )
Creating package 'STrollR' in '/home/Jadamso/Desktop/Packages/STrollR'
No DESCRIPTION found. Creating with values:


Package: STrollR
Title: A Library for Correcting Standard Errors for Computing Spatial and Temporal Correlation post-estimation
Version: 0.1.3
Authors@R: person("Jordan", "Adamson",
        email="jordan.m.adamson@gmail.com",
        role=c("aut","cre"))
Description: A computationally efficient way to calculate covariance matrices that are corrected for spatial and temporal correlation using a method I call *rolling*. Huge spatiotemporal covariance matrices can be calculated using sparse matrix approaches with spam and spam64. To calculate large sparse spatial weights matrices, use spam::rdist. See my website <https://sites.google.com/a/g.clemson.edu/ja-resources>. or github <https://github.com/Jadamso>.
Depends: R (>= 3.4.1)
License: What license is it under?
Encoding: UTF-8
LazyData: true
Published: 2017-09-09
Date: 2017-09-09
URL: https://sites.google.com/a/g.clemson.edu/ja-resources

To cite package 'STrollR' in publications use:

  Jordan Adamson (2017). STrollR: A Library for Correcting Standard
  Errors for Computing Spatial and Temporal Correlation
  post-estimation. R package version 0.1.3.

A BibTeX entry for LaTeX users is

  @Manual{STrollR,
    title = {{STrollR}: A Library for Correcting Standard Errors for Computing Spatial and Temporal Correlation post-estimation},
    author = {'Jordan Adamson'},
    year = {2017},
    month = {9},
    note = {R package version 0.1.3},
    url = {https://sites.google.com/a/g.clemson.edu/ja-resources},
  }

* Updating license field in DESCRIPTION.
* Creating `LICENSE` from template.
Creating package 'STrollR' in '/home/Jadamso/Desktop/Packages/STrollR'
Updating STrollR documentation
Loading STrollR
Updating roxygen version in /home/Jadamso/Desktop/Packages/STrollR/STrollR/DESCRIPTION
Writing NAMESPACE
Setting env vars --------------------------------------------------------------
CFLAGS  : -Wall -pedantic
CXXFLAGS: -Wall -pedantic
Building STrollR --------------------------------------------------------------
'/home/Jadamso/lib64/R/bin/R' --no-site-file --no-environ --no-save  \
  --no-restore --quiet CMD build  \
  '/home/Jadamso/Desktop/Packages/STrollR/STrollR' --no-resave-data  \
  --no-manual 

* checking for file â€˜/home/Jadamso/Desktop/Packages/STrollR/STrollR/DESCRIPTIONâ€™ ... OK
* preparing â€˜STrollRâ€™:
* checking DESCRIPTION meta-information ... OK
* checking for LF line-endings in source and make files
* checking for empty or unneeded directories
Removed empty directory â€˜STrollR/Râ€™
Removed empty directory â€˜STrollR/dataâ€™
Removed empty directory â€˜STrollR/inst/extdataâ€™
Removed empty directory â€˜STrollR/manâ€™
* building â€˜STrollR_0.1.3.tar.gzâ€™

Setting env vars --------------------------------------------------------------
_R_CHECK_CRAN_INCOMING_USE_ASPELL_: TRUE
_R_CHECK_CRAN_INCOMING_           : FALSE
_R_CHECK_FORCE_SUGGESTS_          : FALSE
Checking STrollR --------------------------------------------------------------
'/home/Jadamso/lib64/R/bin/R' --no-site-file --no-environ --no-save  \
  --no-restore --quiet CMD check '/tmp/Rtmp8VYQpZ/STrollR_0.1.3.tar.gz'  \
  --as-cran --timings --no-manual 

* using log directory â€˜/tmp/Rtmp8VYQpZ/STrollR.Rcheckâ€™
* using R version 3.4.1 (2017-06-30)
* using platform: x86_64-pc-linux-gnu (64-bit)
* using session charset: UTF-8
* using options â€˜--no-manual --as-cranâ€™
* checking for file â€˜STrollR/DESCRIPTIONâ€™ ... OK
* this is package â€˜STrollRâ€™ version â€˜0.1.3â€™
* package encoding: UTF-8
* checking package namespace information ... OK
* checking package dependencies ... OK
* checking if this is a source package ... OK
* checking if there is a namespace ... OK
* checking for executable files ... OK
* checking for hidden files and directories ... OK
* checking for portable file names ... OK
* checking for sufficient/correct file permissions ... OK
* checking whether package â€˜STrollRâ€™ can be installed ... OK
* checking installed package size ... OK
* checking package directory ... OK
* checking DESCRIPTION meta-information ... OK
* checking top-level files ... OK
* checking for left-over files ... OK
* checking index information ... OK
* checking package subdirectories ... OK
* checking whether the package can be loaded ... OK
* checking whether the package can be loaded with stated dependencies ... OK
* checking whether the package can be unloaded cleanly ... OK
* checking whether the namespace can be loaded with stated dependencies ... OK
* checking whether the namespace can be unloaded cleanly ... OK
* checking loading without being on the library search path ... OK
* checking examples ... NONE
* DONE

Status: OK

> 
> # Create R Package Contents
> source(paste0(pdir,"Code/CodeSetup.R") )
* Adding Matrix to Imports
Next: 
Refer to functions with Matrix::fun()
* Adding spam to Imports
Next: 
Refer to functions with spam::fun()
* Adding spam64 to Imports
Next: 
Refer to functions with spam64::fun()
* Adding parallel to Imports
Next: 
Refer to functions with parallel::fun()
* Adding data.table to Imports
Next: 
Refer to functions with data.table::fun()
* Adding lfe to Imports
Next: 
Refer to functions with lfe::fun()
* Adding spdep to Imports
Next: 
Refer to functions with spdep::fun()
* Adding sphet to Imports
Next: 
Refer to functions with sphet::fun()
Loading STrollR
SpaceTimeSE_format
SpatialWeights
Loading required package: sp
Loading required package: Matrix
vcovST_meat
vcovSTsep
vcovSTsep_loop
Updating STrollR documentation
Loading STrollR
SpaceTimeSE_format
SpatialWeights
vcovST_meat
vcovSTsep
vcovSTsep_loop
Writing NAMESPACE
Writing fake_data_traditional.Rd
Writing spt_cleanup.Rd
Writing var2stack.Rd
Writing df2stack.Rd
Writing sim2stack.Rd
Writing mkGif.Rd
Writing vcovST.Rd
Writing Fac2Num.Rd
Writing is.lattice.Rd
Writing listj.Rd
Writing vcovST.format.Rd
Writing KNN.Rd
Writing write.listw2gwt.Rd
Writing NEIGH.Rd
Writing bartlettSparse.Rd
Writing weight_mat.Rd
Writing VonNeumann.Rd
Writing varioJ.Rd
Writing mfxall.Rd
Writing mfxi.Rd
Writing XOmegaX0.Rd
Writing iterateObsJSpatial.Rd
Writing iterateObsJTemporal.Rd
Writing vcovSTsep.Rd
Writing vcovSTsep.loop.Rd
Writing vcovSpace.loop.Rd
Writing vcovSpace.single.Rd
Warning message:
vcovST.loop.Rd is missing name/title. Skipping 
> 
> pack_up(pdir)
/home/Jadamso/Desktop/Packages/STrollR/ is required to already be on github
