
R version 3.5.0 (2018-04-23) -- "Joy in Playing"
Copyright (C) 2018 The R Foundation for Statistical Computing
Platform: x86_64-pc-linux-gnu (64-bit)

R is free software and comes with ABSOLUTELY NO WARRANTY.
You are welcome to redistribute it under certain conditions.
Type 'license()' or 'licence()' for distribution details.

  Natural language support but running in an English locale

R is a collaborative project with many contributors.
Type 'contributors()' for more information and
'citation()' on how to cite R or R packages in publications.

Type 'demo()' for some demos, 'help()' for on-line help, or
'help.start()' for an HTML browser interface to help.
Type 'q()' to quit R.


[38;5;11m     CHEAT SHEETS: [0m
source('~/Desktop/Packages/MiscUtils/RCheats.R') 

[38;5;11m     R INFORMATION: [0m
/home/Jadamso2/lib64/R/bin/exec/R -f Code/Make.R --restore --save --no-readline --no-save 
~/Rprofile.site 
wideScreen() 

[38;5;11m     USER INFORMATION: [0m
Jordan Adamson, 2018-10-21

> #-------------------------------------------------------------------
> ##################
> # Setup 
> ##################
> library(devtools)
> library(roxygen2)
> library(MiscUtils)

Attaching package: â€˜MiscUtilsâ€™

The following object is masked from â€˜package:baseâ€™:

    wideScreen

> 
>  
> pmdir <- path.expand("~/Desktop/Packages/")
> 
> #-------------------------------------------------------------------
> ##################
> # Make 
> ##################
> pack  <- "STrollR"
> pdir  <- paste0(pmdir, pack,"/")
> packg <- paste0(pdir, pack)
> 
> 
> Version <- numeric_version("0.1.5")
> 
> # Setup R Package
> source(paste0(pdir,"Code/PackageSetup.R") )
Creating package 'STrollR' in '/home/Jadamso2/Desktop/Packages/STrollR'
No DESCRIPTION found. Creating with values:


Package: STrollR
Title: Correct Standard Errors for Computing Spatial and Temporal Correlation post-estimation.
Version: 0.1.5
Authors@R: person("Jordan", "Adamson",
        email="jordan.m.adamson@gmail.com",
        role=c("aut","cre"))
Description: A computationally efficient way to calculate covariance matrices that are corrected for spatial and temporal correlation using a method I call *rolling*. Huge spatiotemporal covariance matrices can be calculated using sparse matrix approaches with spam and spam64. To calculate large sparse spatial weights matrices, use spam::rdist.
Depends: R (>= 3.5.0)
License: What license is it under?
Encoding: UTF-8
LazyData: true
Author: Jordan Adamson [aut, cre]
Maintainer: Jordan Adamson <jordan.m.adamson@gmail.com>
Published: 2018-10-21
Date: 2018-10-21
URL: <https://github.com/Jadamso/STrollR>

To cite package 'STrollR' in publications use:

  Jordan Adamson (2018). STrollR: Correct Standard Errors for Computing
  Spatial and Temporal Correlation post-estimation.. R package version
  0.1.5.

A BibTeX entry for LaTeX users is

  @Manual{STrollR,
    title = {{STrollR}: Correct Standard Errors for Computing Spatial and Temporal Correlation post-estimation.},
    author = {'Jordan Adamson'},
    year = {2018},
    month = {10},
    note = {R package version 0.1.5},
    url = { <https://github.com/Jadamso/STrollR>},
  }

Warning in warn_unless_current_dir(pkg) :
  `pkg` is not `.`, which is now unsupported.
  Please use `usethis::proj_set()` to set the project directory.
Error in usethis::use_mit_license(copyright_holder = copyright_holder) : 
  unused argument (copyright_holder = copyright_holder)
Calls: source -> withVisible -> eval -> eval -> <Anonymous>
In addition: Warning messages:
1: 'devtools::create' is deprecated.
Use 'usethis::create_package()' instead.
See help("Deprecated") and help("devtools-deprecated"). 
2: 'setup' is deprecated.
Use 'usethis::create_package()' instead.
See help("Deprecated") and help("devtools-deprecated"). 
3: 'create_description' is deprecated.
Use 'usethis::use_description()' instead.
See help("Deprecated") and help("devtools-deprecated"). 
4: 'devtools::use_mit_license' is deprecated.
Use 'usethis::use_mit_license()' instead.
See help("Deprecated") and help("devtools-deprecated"). 
Execution halted
